17:13:12 **** Incremental Build of configuration Debug for project LED_ANIMATIONS ****
make -j16 all 
arm-none-eabi-gcc "../Core/Src/global.c" -mcpu=cortex-m3 -std=gnu11 -g3 -DDEBUG -DUSE_HAL_DRIVER -DSTM32F103x6 -c -I../Core/Inc -I../Drivers/STM32F1xx_HAL_Driver/Inc -I../Drivers/STM32F1xx_HAL_Driver/Inc/Legacy -I../Drivers/CMSIS/Device/ST/STM32F1xx/Include -I../Drivers/CMSIS/Include -O0 -ffunction-sections -fdata-sections -Wall -fstack-usage -MMD -MP -MF"Core/Src/global.d" -MT"Core/Src/global.o" --specs=nano.specs -mfloat-abi=soft -mthumb -o "Core/Src/global.o"
arm-none-eabi-gcc -o "LED_ANIMATIONS.elf" @"objects.list"   -mcpu=cortex-m3 -T"E:\MCU\MCU_LAB_3\STM32\LED_ANIMATIONS\STM32F103C6UX_FLASH.ld" --specs=nosys.specs -Wl,-Map="LED_ANIMATIONS.map" -Wl,--gc-sections -static --specs=nano.specs -mfloat-abi=soft -mthumb -Wl,--start-group -lc -lm -Wl,--end-group
Finished building target: LED_ANIMATIONS.elf
 
arm-none-eabi-size   LED_ANIMATIONS.elf 
arm-none-eabi-objdump -h -S  LED_ANIMATIONS.elf  > "LED_ANIMATIONS.list"
arm-none-eabi-objcopy  -O ihex  LED_ANIMATIONS.elf  "LED_ANIMATIONS.hex"
   text	   data	    bss	    dec	    hex	filename
   8920	     52	   1788	  10760	   2a08	LED_ANIMATIONS.elf
arm-none-eabi-objcopy  -O binary  LED_ANIMATIONS.elf  "LED_ANIMATIONS.bin"
Finished building: default.size.stdout
 
Finished building: LED_ANIMATIONS.hex
Finished building: LED_ANIMATIONS.bin
 
 
Finished building: LED_ANIMATIONS.list
 
