15:49:52 **** Incremental Build of configuration Debug for project TRAFFIC_LIGHT ****
make -j16 all 
arm-none-eabi-gcc "../Core/Src/main.c" -mcpu=cortex-m3 -std=gnu11 -g3 -DDEBUG -DUSE_HAL_DRIVER -DSTM32F103x6 -c -I../Core/Inc -I../Drivers/STM32F1xx_HAL_Driver/Inc -I../Drivers/STM32F1xx_HAL_Driver/Inc/Legacy -I../Drivers/CMSIS/Device/ST/STM32F1xx/Include -I../Drivers/CMSIS/Include -O0 -ffunction-sections -fdata-sections -Wall -fstack-usage -MMD -MP -MF"Core/Src/main.d" -MT"Core/Src/main.o" --specs=nano.specs -mfloat-abi=soft -mthumb -o "Core/Src/main.o"
arm-none-eabi-gcc -o "TRAFFIC_LIGHT.elf" @"objects.list"   -mcpu=cortex-m3 -T"E:\MCU\MCU_LAB_3\STM32\TRAFFIC_LIGHT\STM32F103C6UX_FLASH.ld" --specs=nosys.specs -Wl,-Map="TRAFFIC_LIGHT.map" -Wl,--gc-sections -static --specs=nano.specs -mfloat-abi=soft -mthumb -Wl,--start-group -lc -lm -Wl,--end-group
Finished building target: TRAFFIC_LIGHT.elf
 
arm-none-eabi-size   TRAFFIC_LIGHT.elf 
arm-none-eabi-objdump -h -S  TRAFFIC_LIGHT.elf  > "TRAFFIC_LIGHT.list"
arm-none-eabi-objcopy  -O binary  TRAFFIC_LIGHT.elf  "TRAFFIC_LIGHT.bin"
   text	   data	    bss	    dec	    hex	filename
   8792	    120	   1688	  10600	   2968	TRAFFIC_LIGHT.elf
Finished building: default.size.stdout
 
Finished building: TRAFFIC_LIGHT.bin
 
Finished building: TRAFFIC_LIGHT.list
 

15:49:53 Build Finished. 0 errors, 0 warnings. (took 663ms)

